2026-08-26 13:14:05,308 INFO [-] trace.data.seed: seed data loaded
2026-08-26 13:14:05,312 INFO [-] trace.collectors.market_data.alpaca: ALPACA_API_KEY not set (production): market data unavailable (mock forbidden in production)
2026-08-26 13:14:05,313 INFO [-] trace.collectors.market_data.cn: CN market data not connected (production): unavailable (mock forbidden in production)
2026-08-26 13:14:06,552 WARNING [-] trace.event_engine.embeddings: sentence-transformers unavailable (No module named 'sentence_transformers'), fallback to hash embedder
2026-08-26 13:14:06,923 INFO [run-ea2c77125f] httpx: HTTP Request: GET https://data.sec.gov/submissions/CIK0002023554.json "HTTP/1.1 200 OK"
2026-08-26 13:14:07,347 INFO [run-ea2c77125f] httpx: HTTP Request: GET https://data.sec.gov/submissions/CIK0000723125.json "HTTP/1.1 200 OK"
2026-08-26 13:14:07,836 INFO [run-ea2c77125f] httpx: HTTP Request: GET https://data.sec.gov/submissions/CIK0001045810.json "HTTP/1.1 200 OK"
2026-08-26 13:14:07,967 INFO [run-ea2c77125f] httpx: HTTP Request: GET https://nvidianews.nvidia.com/rss.xml "HTTP/1.1 200 OK"
2026-08-26 13:14:08,268 INFO [run-ea2c77125f] httpx: HTTP Request: GET https://www.sandisk.com/sitemap.xml "HTTP/1.1 200 OK"
2026-08-26 13:14:08,619 INFO [run-ea2c77125f] httpx: HTTP Request: GET https://investors.micron.com/rss.xml "HTTP/1.1 404 Not Found"
2026-08-26 13:14:08,620 WARNING [run-ea2c77125f] trace.common.http_client: [src_micron_ir] source_unavailable, retry 1/1 in 1.6s
2026-08-26 13:14:13,400 INFO [run-ea2c77125f] httpx: HTTP Request: GET https://investors.micron.com/rss.xml "HTTP/1.1 404 Not Found"
2026-08-26 13:14:13,401 WARNING [run-ea2c77125f] trace.collectors.micron: [src_micron_ir] RSS unavailable (source_unavailable), fallback to newsroom page
2026-08-26 13:14:13,767 INFO [run-ea2c77125f] httpx: HTTP Request: GET https://www.micron.com/about/newsroom/press-releases "HTTP/1.1 301 Moved Permanently"
2026-08-26 13:14:13,833 INFO [run-ea2c77125f] httpx: HTTP Request: GET https://www.micron.com/about/press/news "HTTP/1.1 200 OK"
2026-08-26 13:14:16,451 INFO [run-ea2c77125f] httpx: HTTP Request: POST http://www.cninfo.com.cn/new/hisAnnouncement/query "HTTP/1.1 200 200"
2026-08-26 13:14:17,507 INFO [run-ea2c77125f] httpx: HTTP Request: POST http://www.cninfo.com.cn/new/hisAnnouncement/query "HTTP/1.1 200 200"
2026-08-26 13:14:17,863 INFO [run-ea2c77125f] httpx: HTTP Request: POST http://www.cninfo.com.cn/new/hisAnnouncement/query "HTTP/1.1 200 200"
2026-08-26 13:14:19,512 INFO [run-ea2c77125f] httpx: HTTP Request: POST http://www.cninfo.com.cn/new/hisAnnouncement/query "HTTP/1.1 200 200"
2026-08-26 13:14:20,480 INFO [run-ea2c77125f] httpx: HTTP Request: POST http://www.cninfo.com.cn/new/hisAnnouncement/query "HTTP/1.1 200 200"
2026-08-26 13:14:20,716 INFO [run-ea2c77125f] httpx: HTTP Request: GET https://www.bis.doc.gov/index.php/policy-focus/press-releases "HTTP/1.1 301 Moved Permanently"
2026-08-26 13:14:20,837 INFO [run-ea2c77125f] httpx: HTTP Request: GET https://www.bis.gov/ "HTTP/1.1 200 OK"
2026-08-26 13:14:22,515 INFO [run-ea2c77125f] httpx: HTTP Request: GET https://www.miit.gov.cn/ "HTTP/1.1 200 OK"
2026-08-26 13:14:23,118 INFO [run-ea2c77125f] httpx: HTTP Request: GET https://www.mofcom.gov.cn/ "HTTP/1.1 200 OK"
2026-08-26 13:14:23,366 INFO [run-ea2c77125f] httpx: HTTP Request: GET https://www.federalregister.gov/api/v1/documents.rss?conditions%5Bterm%5D=semiconductor "HTTP/1.1 200 OK"
2026-08-26 13:14:23,576 INFO [run-ea2c77125f] httpx: HTTP Request: GET https://www.federalreserve.gov/feeds/press_all.xml "HTTP/1.1 304 Not Modified"
2026-08-26 13:14:25,692 INFO [run-ea2c77125f] httpx: HTTP Request: GET https://public.govdelivery.com/accounts/USDOC/feed.rss "HTTP/1.1 304 Not Modified"
2026-08-26 13:14:25,693 INFO [run-ea2c77125f] trace.pipeline: collected 13 raw items (sources ok=7 failed=0 disabled=3, keyword_filtered=100)
2026-08-26 13:14:25,695 INFO [run-ea2c77125f] trace.pipeline: run summary: {'run_id': 'run-ea2c77125f', 'trace_mode': 'production', 'status': 'OK', 'sources_checked': 10, 'sources_succeeded': 7, 'sources_failed': 0, 'sources_disabled': 3, 'raw_items_new': 0, 'raw_items_duplicate': 13, 'events_created': 0, 'events_revised': 0, 'events_analyzed': 0, 'alerts_eligible': 0, 'alerts_sent': 0, 'alerts_suppressed': 0, 'alerts_failed': 0, 'human_review': 0, 'keyword_filtered': 100, 'llm_stage_a_calls': 0, 'llm_stage_b_calls': 0, 'llm_verifier_calls': 0, 'failed_sources': [], 'notes': []}

===== run-once 摘要 =====
{
  "run_id": "run-ea2c77125f",
  "trace_mode": "production",
  "status": "OK",
  "sources_checked": 10,
  "sources_succeeded": 7,
  "sources_failed": 0,
  "sources_disabled": 3,
  "raw_items_new": 0,
  "raw_items_duplicate": 13,
  "events_created": 0,
  "events_revised": 0,
  "events_analyzed": 0,
  "alerts_eligible": 0,
  "alerts_sent": 0,
  "alerts_suppressed": 0,
  "alerts_failed": 0,
  "human_review": 0,
  "keyword_filtered": 100,
  "llm_stage_a_calls": 0,
  "llm_stage_b_calls": 0,
  "llm_verifier_calls": 0,
  "failed_sources": [],
  "notes": []
}
